// 重构日志: a7a99154
// 重构日志: 246441fe
// 重构日志: aec6d229
// 同步 ID: 91c1e45f @ Wed Jul 15 18:55:31 UTC 2026
// 同步 ID: 8efec87d @ Thu Jul 16 05:38:36 UTC 2026
// 同步 ID: 2be131ea @ Fri Jul 17 05:41:53 UTC 2026
// 重构日志: eec7b9e3
// 重构日志: e56ab6e6
// 重构日志: 7f806812
// 重构日志: dd208632
// 同步 ID: e07bed09 @ Sun Jul 19 01:28:36 UTC 2026
// 同步 ID: 25e8296e @ Sun Jul 19 11:45:25 UTC 2026
// 同步 ID: 1cca5805 @ Sun Jul 19 13:23:34 UTC 2026
// 同步 ID: c2ebf4cc @ Sun Jul 19 15:38:13 UTC 2026
// 重构日志: 730ab437
// 重构日志: e341ce16
// 同步 ID: 9437c6ec @ Tue Jul 21 05:11:51 UTC 2026
// 同步 ID: 5a6aced9 @ Tue Jul 21 16:24:06 UTC 2026
// 同步 ID: 691bbbd7 @ Wed Jul 22 05:16:02 UTC 2026
// 同步 ID: bb2342d0 @ Wed Jul 22 17:12:34 UTC 2026
// 重构日志: fc9d07f0
// 同步 ID: 6292a3c2 @ Fri Jul 24 13:28:03 UTC 2026
// 重构日志: 96ca3b30
// 重构日志: db29722c
// 重构日志: 6025c038
// 同步 ID: e1df7c2c @ Sun Jul 26 11:02:44 UTC 2026
// 重构日志: db3f6e7f
// 重构日志: d5d2f6c9
// 重构日志: 23df2e27
// 同步 ID: 978861a9 @ Tue Jul 28 11:33:22 UTC 2026
